// Jest Snapshot v1, https://goo.gl/fbAQLP

exports[`<CustomTableBody /> Snapshot is correct 1`] = `
<tbody
  className="MuiTableBody-root tableBody"
  role={null}
>
  <tr
    className="MuiTableRow-root"
    role={null}
  >
    <td
      aria-sort={null}
      className="MuiTableCell-root MuiTableCell-body MuiTableCell-alignLeft"
    >
      1
    </td>
    <td
      aria-sort={null}
      className="MuiTableCell-root MuiTableCell-body MuiTableCell-alignLeft"
    >
      2
    </td>
    <td
      aria-sort={null}
      className="MuiTableCell-root MuiTableCell-body MuiTableCell-alignLeft"
    >
      3
    </td>
  </tr>
  <tr
    className="MuiTableRow-root"
    role={null}
  >
    <td
      aria-sort={null}
      className="MuiTableCell-root MuiTableCell-body MuiTableCell-alignLeft"
    >
      4
    </td>
    <td
      aria-sort={null}
      className="MuiTableCell-root MuiTableCell-body MuiTableCell-alignLeft"
    >
      5
    </td>
    <td
      aria-sort={null}
      className="MuiTableCell-root MuiTableCell-body MuiTableCell-alignLeft"
    >
      6
    </td>
  </tr>
  <tr
    className="MuiTableRow-root"
    role={null}
  >
    <td
      aria-sort={null}
      className="MuiTableCell-root MuiTableCell-body MuiTableCell-alignLeft"
    >
      7
    </td>
    <td
      aria-sort={null}
      className="MuiTableCell-root MuiTableCell-body MuiTableCell-alignLeft"
    >
      8
    </td>
    <td
      aria-sort={null}
      className="MuiTableCell-root MuiTableCell-body MuiTableCell-alignLeft"
    >
      9
    </td>
  </tr>
</tbody>
`;
