// Jest Snapshot v1, https://goo.gl/fbAQLP

exports[`<FilterSelect /> Snapshot is correct 1`] = `
<div>
  <label
    className="MuiFormLabel-root MuiInputLabel-root MuiInputLabel-animated"
    id="label"
  >
    Фильтр по лицензии
  </label>
  <div
    className="MuiInputBase-root MuiInput-root MuiInput-underline"
    onClick={[Function]}
    style={
      Object {
        "width": "100%",
      }
    }
  >
    <div
      aria-haspopup="listbox"
      aria-labelledby="label demo-simple-select"
      className="MuiSelect-root MuiSelect-select MuiSelect-selectMenu MuiInputBase-input MuiInput-input"
      id="demo-simple-select"
      onBlur={[Function]}
      onFocus={[Function]}
      onKeyDown={[Function]}
      onMouseDown={[Function]}
      role="button"
      tabIndex={0}
    >
      1
    </div>
    <input
      aria-hidden={true}
      className="MuiSelect-nativeInput"
      onAnimationStart={[Function]}
      onChange={[Function]}
      tabIndex={-1}
      value={1}
    />
    <svg
      aria-hidden={true}
      className="MuiSvgIcon-root MuiSelect-icon"
      focusable="false"
      viewBox="0 0 24 24"
    >
      <path
        d="M7 10l5 5 5-5z"
      />
    </svg>
  </div>
</div>
`;
