// Jest Snapshot v1, https://goo.gl/fbAQLP

exports[`<App /> Snapshot is correct 1`] = `
<header
  className="MuiPaper-root MuiAppBar-root MuiAppBar-positionRelative MuiAppBar-colorPrimary appBar MuiPaper-elevation4"
>
  <div
    className="MuiToolbar-root MuiToolbar-regular toolbar MuiToolbar-gutters"
  >
    <h6
      className="MuiTypography-root MuiTypography-h6 MuiTypography-noWrap"
    >
      Добро пожаловать
    </h6>
  </div>
</header>
`;
